// Jest Snapshot v1, https://goo.gl/fbAQLP

exports[`$lt MySQL Behaviour Comparing JSON numbers values is numberic: SQL Query for filter: {"settings.age":{"$lt":12}} 1`] = `
{
  "params": [
    12,
  ],
  "query": "SELECT \`test_table\`.* FROM \`test_table\` WHERE (JSON_EXTRACT(\`test_table\`.\`settings\`,"$.age") = CAST('null' AS JSON) OR JSON_EXTRACT(\`test_table\`.\`settings\`,"$.age") IS NULL) OR JSON_EXTRACT(\`test_table\`.\`settings\`,"$.age") < ?",
}
`;

exports[`$lt MySQL Behaviour Comparing JSON numbers values is numberic: SQL Query for filter: {"settings.age":{"$lt":20}} 1`] = `
{
  "params": [
    20,
  ],
  "query": "SELECT \`test_table\`.* FROM \`test_table\` WHERE (JSON_EXTRACT(\`test_table\`.\`settings\`,"$.age") = CAST('null' AS JSON) OR JSON_EXTRACT(\`test_table\`.\`settings\`,"$.age") IS NULL) OR JSON_EXTRACT(\`test_table\`.\`settings\`,"$.age") < ?",
}
`;

exports[`$lt MySQL Behaviour Comparing JSON numbers values is numberic: SQL Query for not match filter: {"settings.age":{"$lt":-9}} 1`] = `
{
  "params": [
    -9,
  ],
  "query": "SELECT \`test_table\`.* FROM \`test_table\` WHERE (JSON_EXTRACT(\`test_table\`.\`settings\`,"$.age") = CAST('null' AS JSON) OR JSON_EXTRACT(\`test_table\`.\`settings\`,"$.age") IS NULL) OR JSON_EXTRACT(\`test_table\`.\`settings\`,"$.age") < ?",
}
`;

exports[`$lt MySQL Behaviour Comparing JSON numbers values is numberic: SQL Query for not match filter: {"settings.age":{"$lt":0}} 1`] = `
{
  "params": [
    0,
  ],
  "query": "SELECT \`test_table\`.* FROM \`test_table\` WHERE (JSON_EXTRACT(\`test_table\`.\`settings\`,"$.age") = CAST('null' AS JSON) OR JSON_EXTRACT(\`test_table\`.\`settings\`,"$.age") IS NULL) OR JSON_EXTRACT(\`test_table\`.\`settings\`,"$.age") < ?",
}
`;

exports[`$lt MySQL Behaviour Comparing JSON numbers values is numberic: SQL Query for not match filter: {"settings.age":{"$lt":1}} 1`] = `
{
  "params": [
    1,
  ],
  "query": "SELECT \`test_table\`.* FROM \`test_table\` WHERE (JSON_EXTRACT(\`test_table\`.\`settings\`,"$.age") = CAST('null' AS JSON) OR JSON_EXTRACT(\`test_table\`.\`settings\`,"$.age") IS NULL) OR JSON_EXTRACT(\`test_table\`.\`settings\`,"$.age") < ?",
}
`;

exports[`$lt MySQL Behaviour Comparing JSON numbers values is numberic: SQL Query for not match filter: {"settings.age":{"$lt":9}} 1`] = `
{
  "params": [
    9,
  ],
  "query": "SELECT \`test_table\`.* FROM \`test_table\` WHERE (JSON_EXTRACT(\`test_table\`.\`settings\`,"$.age") = CAST('null' AS JSON) OR JSON_EXTRACT(\`test_table\`.\`settings\`,"$.age") IS NULL) OR JSON_EXTRACT(\`test_table\`.\`settings\`,"$.age") < ?",
}
`;

exports[`$lt MySQL Behaviour Comparing JSON numbers values is numberic: SQL Query for not match filter: {"settings.age":{"$lt":10}} 1`] = `
{
  "params": [
    10,
  ],
  "query": "SELECT \`test_table\`.* FROM \`test_table\` WHERE (JSON_EXTRACT(\`test_table\`.\`settings\`,"$.age") = CAST('null' AS JSON) OR JSON_EXTRACT(\`test_table\`.\`settings\`,"$.age") IS NULL) OR JSON_EXTRACT(\`test_table\`.\`settings\`,"$.age") < ?",
}
`;

exports[`$lt MySQL Behaviour Comparing JSON string values is case sensitive: SQL Query for filter: {"settings.name":{"$lt":"ALICEA"}} 1`] = `
{
  "params": [
    "alicea",
  ],
  "query": "SELECT \`test_table\`.* FROM \`test_table\` WHERE (JSON_EXTRACT(\`test_table\`.\`settings\`,"$.name") = CAST('null' AS JSON) OR JSON_EXTRACT(\`test_table\`.\`settings\`,"$.name") IS NULL) OR JSON_VALUE(\`test_table\`.\`settings\`,"$.name" RETURNING CHAR CHARACTER SET utf8mb4) < ?",
}
`;

exports[`$lt MySQL Behaviour Comparing JSON string values is case sensitive: SQL Query for filter: {"settings.name":{"$lt":"Alicea"}} 1`] = `
{
  "params": [
    "alicea",
  ],
  "query": "SELECT \`test_table\`.* FROM \`test_table\` WHERE (JSON_EXTRACT(\`test_table\`.\`settings\`,"$.name") = CAST('null' AS JSON) OR JSON_EXTRACT(\`test_table\`.\`settings\`,"$.name") IS NULL) OR JSON_VALUE(\`test_table\`.\`settings\`,"$.name" RETURNING CHAR CHARACTER SET utf8mb4) < ?",
}
`;

exports[`$lt MySQL Behaviour Comparing JSON string values is case sensitive: SQL Query for filter: {"settings.name":{"$lt":"alicea"}} 1`] = `
{
  "params": [
    "alicea",
  ],
  "query": "SELECT \`test_table\`.* FROM \`test_table\` WHERE (JSON_EXTRACT(\`test_table\`.\`settings\`,"$.name") = CAST('null' AS JSON) OR JSON_EXTRACT(\`test_table\`.\`settings\`,"$.name") IS NULL) OR JSON_VALUE(\`test_table\`.\`settings\`,"$.name" RETURNING CHAR CHARACTER SET utf8mb4) < ?",
}
`;

exports[`$lt MySQL Behaviour Comparing JSON string values is case sensitive: SQL Query for not match filter: {"settings.name":{"$lt":""}} 1`] = `
{
  "params": [
    "",
  ],
  "query": "SELECT \`test_table\`.* FROM \`test_table\` WHERE (JSON_EXTRACT(\`test_table\`.\`settings\`,"$.name") = CAST('null' AS JSON) OR JSON_EXTRACT(\`test_table\`.\`settings\`,"$.name") IS NULL) OR JSON_VALUE(\`test_table\`.\`settings\`,"$.name" RETURNING CHAR CHARACTER SET utf8mb4) < ?",
}
`;

exports[`$lt MySQL Behaviour Comparing JSON string values is case sensitive: SQL Query for not match filter: {"settings.name":{"$lt":"ALICE"}} 1`] = `
{
  "params": [
    "alice",
  ],
  "query": "SELECT \`test_table\`.* FROM \`test_table\` WHERE (JSON_EXTRACT(\`test_table\`.\`settings\`,"$.name") = CAST('null' AS JSON) OR JSON_EXTRACT(\`test_table\`.\`settings\`,"$.name") IS NULL) OR JSON_VALUE(\`test_table\`.\`settings\`,"$.name" RETURNING CHAR CHARACTER SET utf8mb4) < ?",
}
`;

exports[`$lt MySQL Behaviour Comparing JSON string values is case sensitive: SQL Query for not match filter: {"settings.name":{"$lt":"Alice"}} 1`] = `
{
  "params": [
    "alice",
  ],
  "query": "SELECT \`test_table\`.* FROM \`test_table\` WHERE (JSON_EXTRACT(\`test_table\`.\`settings\`,"$.name") = CAST('null' AS JSON) OR JSON_EXTRACT(\`test_table\`.\`settings\`,"$.name") IS NULL) OR JSON_VALUE(\`test_table\`.\`settings\`,"$.name" RETURNING CHAR CHARACTER SET utf8mb4) < ?",
}
`;

exports[`$lt MySQL Behaviour Comparing JSON string values is case sensitive: SQL Query for not match filter: {"settings.name":{"$lt":"aLice"}} 1`] = `
{
  "params": [
    "alice",
  ],
  "query": "SELECT \`test_table\`.* FROM \`test_table\` WHERE (JSON_EXTRACT(\`test_table\`.\`settings\`,"$.name") = CAST('null' AS JSON) OR JSON_EXTRACT(\`test_table\`.\`settings\`,"$.name") IS NULL) OR JSON_VALUE(\`test_table\`.\`settings\`,"$.name" RETURNING CHAR CHARACTER SET utf8mb4) < ?",
}
`;

exports[`$lt MySQL Behaviour Comparing JSON string values is case sensitive: SQL Query for not match filter: {"settings.name":{"$lt":"alice"}} 1`] = `
{
  "params": [
    "alice",
  ],
  "query": "SELECT \`test_table\`.* FROM \`test_table\` WHERE (JSON_EXTRACT(\`test_table\`.\`settings\`,"$.name") = CAST('null' AS JSON) OR JSON_EXTRACT(\`test_table\`.\`settings\`,"$.name") IS NULL) OR JSON_VALUE(\`test_table\`.\`settings\`,"$.name" RETURNING CHAR CHARACTER SET utf8mb4) < ?",
}
`;

exports[`$lt MySQL Behaviour Comparing numbers values is numberic: SQL Query for filter: {"age":{"$lt":12}} 1`] = `
{
  "params": [
    12,
  ],
  "query": "SELECT \`test_table\`.* FROM \`test_table\` WHERE \`test_table\`.\`age\` IS NULL OR \`test_table\`.\`age\` < ?",
}
`;

exports[`$lt MySQL Behaviour Comparing numbers values is numberic: SQL Query for filter: {"age":{"$lt":20}} 1`] = `
{
  "params": [
    20,
  ],
  "query": "SELECT \`test_table\`.* FROM \`test_table\` WHERE \`test_table\`.\`age\` IS NULL OR \`test_table\`.\`age\` < ?",
}
`;

exports[`$lt MySQL Behaviour Comparing numbers values is numberic: SQL Query for not match filter: {"age":{"$lt":-9}} 1`] = `
{
  "params": [
    -9,
  ],
  "query": "SELECT \`test_table\`.* FROM \`test_table\` WHERE \`test_table\`.\`age\` IS NULL OR \`test_table\`.\`age\` < ?",
}
`;

exports[`$lt MySQL Behaviour Comparing numbers values is numberic: SQL Query for not match filter: {"age":{"$lt":0}} 1`] = `
{
  "params": [
    0,
  ],
  "query": "SELECT \`test_table\`.* FROM \`test_table\` WHERE \`test_table\`.\`age\` IS NULL OR \`test_table\`.\`age\` < ?",
}
`;

exports[`$lt MySQL Behaviour Comparing numbers values is numberic: SQL Query for not match filter: {"age":{"$lt":1}} 1`] = `
{
  "params": [
    1,
  ],
  "query": "SELECT \`test_table\`.* FROM \`test_table\` WHERE \`test_table\`.\`age\` IS NULL OR \`test_table\`.\`age\` < ?",
}
`;

exports[`$lt MySQL Behaviour Comparing numbers values is numberic: SQL Query for not match filter: {"age":{"$lt":9}} 1`] = `
{
  "params": [
    9,
  ],
  "query": "SELECT \`test_table\`.* FROM \`test_table\` WHERE \`test_table\`.\`age\` IS NULL OR \`test_table\`.\`age\` < ?",
}
`;

exports[`$lt MySQL Behaviour Comparing numbers values is numberic: SQL Query for not match filter: {"age":{"$lt":10}} 1`] = `
{
  "params": [
    10,
  ],
  "query": "SELECT \`test_table\`.* FROM \`test_table\` WHERE \`test_table\`.\`age\` IS NULL OR \`test_table\`.\`age\` < ?",
}
`;

exports[`$lt MySQL Behaviour Comparing string values is case insensitive: SQL Query for filter: {"name":{"$lt":"Alicea"}} 1`] = `
{
  "params": [
    "alicea",
  ],
  "query": "SELECT \`test_table\`.* FROM \`test_table\` WHERE \`test_table\`.\`name\` IS NULL OR \`test_table\`.\`name\` < ?",
}
`;

exports[`$lt MySQL Behaviour Comparing string values is case insensitive: SQL Query for filter: {"name":{"$lt":"alicea"}} 1`] = `
{
  "params": [
    "alicea",
  ],
  "query": "SELECT \`test_table\`.* FROM \`test_table\` WHERE \`test_table\`.\`name\` IS NULL OR \`test_table\`.\`name\` < ?",
}
`;

exports[`$lt MySQL Behaviour Comparing string values is case insensitive: SQL Query for filter: {"name":{"$lt":"b"}} 1`] = `
{
  "params": [
    "b",
  ],
  "query": "SELECT \`test_table\`.* FROM \`test_table\` WHERE \`test_table\`.\`name\` IS NULL OR \`test_table\`.\`name\` < ?",
}
`;

exports[`$lt MySQL Behaviour Comparing string values is case insensitive: SQL Query for not match filter: {"name":{"$lt":"ALICE"}} 1`] = `
{
  "params": [
    "alice",
  ],
  "query": "SELECT \`test_table\`.* FROM \`test_table\` WHERE \`test_table\`.\`name\` IS NULL OR \`test_table\`.\`name\` < ?",
}
`;

exports[`$lt MySQL Behaviour Comparing string values is case insensitive: SQL Query for not match filter: {"name":{"$lt":"Alice"}} 1`] = `
{
  "params": [
    "alice",
  ],
  "query": "SELECT \`test_table\`.* FROM \`test_table\` WHERE \`test_table\`.\`name\` IS NULL OR \`test_table\`.\`name\` < ?",
}
`;

exports[`$lt MySQL Behaviour Comparing string values is case insensitive: SQL Query for not match filter: {"name":{"$lt":"a"}} 1`] = `
{
  "params": [
    "a",
  ],
  "query": "SELECT \`test_table\`.* FROM \`test_table\` WHERE \`test_table\`.\`name\` IS NULL OR \`test_table\`.\`name\` < ?",
}
`;

exports[`$lt MySQL Behaviour Comparing string values is case insensitive: SQL Query for not match filter: {"name":{"$lt":"aLice"}} 1`] = `
{
  "params": [
    "alice",
  ],
  "query": "SELECT \`test_table\`.* FROM \`test_table\` WHERE \`test_table\`.\`name\` IS NULL OR \`test_table\`.\`name\` < ?",
}
`;

exports[`$lt MySQL Behaviour Comparing string values is case insensitive: SQL Query for not match filter: {"name":{"$lt":"alice"}} 1`] = `
{
  "params": [
    "alice",
  ],
  "query": "SELECT \`test_table\`.* FROM \`test_table\` WHERE \`test_table\`.\`name\` IS NULL OR \`test_table\`.\`name\` < ?",
}
`;

exports[`$lt MySQL Behaviour NULL values are always the smallest for JSON numbers: SQL Query for filter: {"settings.age":{"$lt":-1000}} 1`] = `
{
  "params": [
    -1000,
  ],
  "query": "SELECT \`test_table\`.* FROM \`test_table\` WHERE (JSON_EXTRACT(\`test_table\`.\`settings\`,"$.age") = CAST('null' AS JSON) OR JSON_EXTRACT(\`test_table\`.\`settings\`,"$.age") IS NULL) OR JSON_EXTRACT(\`test_table\`.\`settings\`,"$.age") < ?",
}
`;

exports[`$lt MySQL Behaviour NULL values are always the smallest for JSON numbers: SQL Query for filter: {"settings.age":{"$lt":0}} 1`] = `
{
  "params": [
    0,
  ],
  "query": "SELECT \`test_table\`.* FROM \`test_table\` WHERE (JSON_EXTRACT(\`test_table\`.\`settings\`,"$.age") = CAST('null' AS JSON) OR JSON_EXTRACT(\`test_table\`.\`settings\`,"$.age") IS NULL) OR JSON_EXTRACT(\`test_table\`.\`settings\`,"$.age") < ?",
}
`;

exports[`$lt MySQL Behaviour NULL values are always the smallest for JSON numbers: SQL Query for not match filter: {"settings.age":{"$lt":null}} 1`] = `"always false"`;

exports[`$lt MySQL Behaviour NULL values are always the smallest for JSON strings: SQL Query for filter: {"settings.name":{"$lt":""}} 1`] = `
{
  "params": [
    "",
  ],
  "query": "SELECT \`test_table\`.* FROM \`test_table\` WHERE (JSON_EXTRACT(\`test_table\`.\`settings\`,"$.name") = CAST('null' AS JSON) OR JSON_EXTRACT(\`test_table\`.\`settings\`,"$.name") IS NULL) OR JSON_VALUE(\`test_table\`.\`settings\`,"$.name" RETURNING CHAR CHARACTER SET utf8mb4) < ?",
}
`;

exports[`$lt MySQL Behaviour NULL values are always the smallest for JSON strings: SQL Query for filter: {"settings.name":{"$lt":"aaaa"}} 1`] = `
{
  "params": [
    "aaaa",
  ],
  "query": "SELECT \`test_table\`.* FROM \`test_table\` WHERE (JSON_EXTRACT(\`test_table\`.\`settings\`,"$.name") = CAST('null' AS JSON) OR JSON_EXTRACT(\`test_table\`.\`settings\`,"$.name") IS NULL) OR JSON_VALUE(\`test_table\`.\`settings\`,"$.name" RETURNING CHAR CHARACTER SET utf8mb4) < ?",
}
`;

exports[`$lt MySQL Behaviour NULL values are always the smallest for JSON strings: SQL Query for not match filter: {"settings.name":{"$lt":null}} 1`] = `"always false"`;

exports[`$lt MySQL Behaviour NULL values are always the smallest for strings: SQL Query for filter: {"name":{"$lt":""}} 1`] = `
{
  "params": [
    "",
  ],
  "query": "SELECT \`test_table\`.* FROM \`test_table\` WHERE \`test_table\`.\`name\` IS NULL OR \`test_table\`.\`name\` < ?",
}
`;

exports[`$lt MySQL Behaviour NULL values are always the smallest for strings: SQL Query for filter: {"name":{"$lt":"aaaa"}} 1`] = `
{
  "params": [
    "aaaa",
  ],
  "query": "SELECT \`test_table\`.* FROM \`test_table\` WHERE \`test_table\`.\`name\` IS NULL OR \`test_table\`.\`name\` < ?",
}
`;

exports[`$lt MySQL Behaviour NULL values are always the smallest for strings: SQL Query for not match filter: {"name":{"$lt":null}} 1`] = `"always false"`;
